// Jest Snapshot v1, https://goo.gl/fbAQLP

exports[`renders correctly 1`] = `
<RCTSafeAreaView
  emulateUnlessSupported={true}
>
  <View
    accessibilityIgnoresInvertColors={true}
    style={
      Object {
        "height": 1334,
        "marginTop": null,
        "width": 750,
      }
    }
  >
    <Image
      source={
        Object {
          "uri": "https://images.unsplash.com/photo-1509928015542-fcc9b3bcd048?ixid=MXwxMjA3fDB8MHxwaG90by1wYWdlfHx8fGVufDB8fHw%3D&ixlib=rb-1.2.1&auto=format&fit=crop&w=1234&q=80",
        }
      }
      style={
        Array [
          Object {
            "bottom": 0,
            "left": 0,
            "position": "absolute",
            "right": 0,
            "top": 0,
          },
          Object {
            "height": 1334,
            "width": 750,
          },
          undefined,
        ]
      }
    />
    <View
      style={
        Object {
          "flex": 1,
          "padding": 20,
        }
      }
    >
      <Text
        style={
          Object {
            "color": "white",
            "fontSize": 45,
            "fontWeight": "bold",
            "marginTop": 50,
          }
        }
      >
        Bienvenue sur
      </Text>
      <Text
        style={
          Object {
            "color": "#F2404F",
            "fontSize": 45,
            "fontWeight": "bold",
            "marginTop": -15,
            "textShadowColor": "black",
          }
        }
      >
        Remontad' App
      </Text>
      <Text
        style={
          Object {
            "color": "white",
            "fontSize": 24,
            "fontWeight": "bold",
            "marginBottom": 5,
            "marginTop": 50,
          }
        }
      >
        Connectez vous pour continuer
      </Text>
      <View>
        <View
          style={
            Object {
              "height": 50,
              "marginBottom": 10,
              "paddingBottom": 0,
              "paddingHorizontal": 0,
              "width": "100%",
            }
          }
        >
          <View
            style={
              Object {
                "alignItems": "center",
                "backgroundColor": "white",
                "borderBottomWidth": 1,
                "borderColor": "#f4f4f5",
                "borderRadius": 3,
                "borderWidth": 1,
                "flexDirection": "row",
                "height": 50,
                "paddingHorizontal": 10,
                "transform": Array [
                  Object {
                    "translateX": 0,
                  },
                ],
              }
            }
          >
            <TextInput
              allowFontScaling={true}
              autoCapitalize="none"
              autoCorrect={false}
              editable={true}
              onChangeText={[Function]}
              placeholder="email"
              placeholderTextColor="#86939e"
              rejectResponderTermination={true}
              style={
                Object {
                  "alignSelf": "center",
                  "color": "#242424",
                  "flex": 1,
                  "fontSize": 18,
                  "minHeight": 40,
                }
              }
              testID="RNE__Input__text-input"
              underlineColorAndroid="transparent"
              value=""
            />
          </View>
          <Text
            style={
              Object {
                "color": "#ff190c",
                "fontSize": 12,
                "margin": 5,
              }
            }
          />
        </View>
        <View
          style={
            Object {
              "height": 50,
              "marginBottom": 10,
              "paddingBottom": 0,
              "paddingHorizontal": 0,
              "width": "100%",
            }
          }
        >
          <View
            style={
              Object {
                "alignItems": "center",
                "backgroundColor": "white",
                "borderBottomWidth": 1,
                "borderColor": "#f4f4f5",
                "borderRadius": 3,
                "borderWidth": 1,
                "flexDirection": "row",
                "height": 50,
                "paddingHorizontal": 10,
                "transform": Array [
                  Object {
                    "translateX": 0,
                  },
                ],
              }
            }
          >
            <TextInput
              allowFontScaling={true}
              autoCapitalize="none"
              autoCorrect={false}
              editable={true}
              onChangeText={[Function]}
              placeholder="mot de passe"
              placeholderTextColor="#86939e"
              rejectResponderTermination={true}
              secureTextEntry={true}
              style={
                Object {
                  "alignSelf": "center",
                  "color": "#242424",
                  "flex": 1,
                  "fontSize": 18,
                  "minHeight": 40,
                }
              }
              testID="RNE__Input__text-input"
              underlineColorAndroid="transparent"
              value=""
            />
            <View
              style={
                Object {
                  "alignItems": "center",
                  "height": 40,
                  "justifyContent": "center",
                  "marginVertical": 4,
                  "paddingRight": 4,
                }
              }
            >
              <Text />
            </View>
          </View>
          <Text
            style={
              Object {
                "color": "#ff190c",
                "fontSize": 12,
                "margin": 5,
              }
            }
          />
        </View>
        <View
          style={
            Object {
              "borderRadius": 3,
              "overflow": "hidden",
            }
          }
        >
          <View
            accessibilityRole="button"
            accessibilityState={
              Object {
                "busy": false,
                "disabled": false,
              }
            }
            accessible={true}
            focusable={true}
            onClick={[Function]}
            onResponderGrant={[Function]}
            onResponderMove={[Function]}
            onResponderRelease={[Function]}
            onResponderTerminate={[Function]}
            onResponderTerminationRequest={[Function]}
            onStartShouldSetResponder={[Function]}
            style={
              Object {
                "opacity": 1,
              }
            }
          >
            <View
              style={
                Object {
                  "alignItems": "center",
                  "backgroundColor": "#2089dc",
                  "borderColor": "#2089dc",
                  "borderRadius": 3,
                  "borderWidth": 0,
                  "flexDirection": "row",
                  "height": 50,
                  "justifyContent": "center",
                  "marginTop": 5,
                  "padding": 8,
                }
              }
            >
              <Text
                style={
                  Object {
                    "color": "white",
                    "fontSize": 18,
                    "paddingVertical": 1,
                    "textAlign": "center",
                  }
                }
              >
                Connexion
              </Text>
            </View>
          </View>
        </View>
      </View>
      <View
        style={
          Object {
            "alignItems": "center",
            "flex": 1,
            "justifyContent": "center",
            "marginTop": 50,
          }
        }
      >
        <View
          accessible={true}
          focusable={true}
          onClick={[Function]}
          onResponderGrant={[Function]}
          onResponderMove={[Function]}
          onResponderRelease={[Function]}
          onResponderTerminate={[Function]}
          onResponderTerminationRequest={[Function]}
          onStartShouldSetResponder={[Function]}
          style={
            Object {
              "opacity": 1,
            }
          }
        >
          <Text
            style={
              Object {
                "color": "white",
                "fontSize": 24,
                "fontWeight": "bold",
              }
            }
          >
            Inscription
          </Text>
        </View>
        <View
          accessible={true}
          focusable={true}
          onClick={[Function]}
          onResponderGrant={[Function]}
          onResponderMove={[Function]}
          onResponderRelease={[Function]}
          onResponderTerminate={[Function]}
          onResponderTerminationRequest={[Function]}
          onStartShouldSetResponder={[Function]}
          style={
            Object {
              "opacity": 1,
            }
          }
        >
          <Text
            style={
              Object {
                "color": "white",
                "fontSize": 24,
                "fontWeight": "bold",
              }
            }
          >
            Mot de passe oubli√©
          </Text>
        </View>
      </View>
    </View>
  </View>
</RCTSafeAreaView>
`;
